{
    "code": "LOGAN_MUG_CODE",
    "name": "Logan Becher",
    "slug": "logan-becher",
    "channelCode": "WEB_GB",
    "breadcrumb": "tassen\/logan-becher",
    "averageRating": 0,
    "taxons": {
        "main": "MUG",
        "others": [
            "MUG",
            "BRAND"
        ]
    },
    "variants": {
        "LOGAN_MUG_CODE": {
            "code": "LOGAN_MUG_CODE",
            "name": "Logan Becher",
            "axis": [],
            "nameAxis": {},
            "price": {
                "current": 1999,
                "currency": "GBP"
            },
            "originalPrice": {
                "current": 2999,
                "currency": "GBP"
             },
            "images": [
                {
                    "code": "thumbnail",
                    "path": "\/uo\/mug.jpg"
                }
            ]
        }
    },
    "attributes": [
        {
            "code": "MUG_MATERIAL_CODE",
            "name": "Becher Material",
            "value": "Wood"
        }
    ],
    "associations": [],
    "images": [
        {
            "code": "thumbnail",
            "path": "\/uo\/mug.jpg"
        }
    ],
    "_links": {
        "self": {
            "href": "\/shop-api\/products\/by-slug\/logan-becher"
        }
    }
}
